// Jest Snapshot v1, https://goo.gl/fbAQLP

exports[`resultCard test resultCard should match snapshot 1`] = `<resultCard />`;
