// Jest Snapshot v1, https://goo.gl/fbAQLP

exports[`uploadBox test uploadBox should match snapshot 1`] = `<uploadBox />`;
