// Jest Snapshot v1, https://goo.gl/fbAQLP

exports[`uploadCard test uploadCard should match snapshot 1`] = `<uploadCard />`;
